Number of warnings: 0
Number of errors: 0
------------------------------------

Memory Configuration: Data Addresses: 0-9999  Instruction Addresses: 0-9999
Loading file: array.tm
0 1 2 4 
0 1 2 4 
0 
2 0 
2 1 
Halted
Bye.
