------------------------------------

Memory Configuration: Data Addresses: 0-9999  Instruction Addresses: 0-9999
Loading file: assign.tm
Halted
Bye.
