ERROR(22): Symbol 'dog' is not defined.
Number of warnings: 0
Number of errors: 1
------------------------------------

Memory Configuration: Data Addresses: 0-9999  Instruction Addresses: 0-9999
Loading file: call2.tm
Halted
Bye.
