------------------------------------

Memory Configuration: Data Addresses: 0-9999  Instruction Addresses: 0-9999
Loading file: call.tm
Halted
Bye.
