ERROR(3): Syntax error.  Unexpected '%'.  Expecting bool or char or int or id.
ERROR(6): Syntax error.  Unexpected '+'.
ERROR(8): Syntax error.  Unexpected '%'.
ERROR(8): Syntax error.  Unexpected '%'.
Number of warnings: 0
Number of errors: 4
------------------------------------
