ERROR(114): Symbol 'HEIGHT' is not defined.
ERROR(115): Symbol 'WIDTH' is not defined.
ERROR(116): Symbol 'XStep' is not defined.
ERROR(116): Symbol 'WIDTH' is not defined.
ERROR(117): Symbol 'YStep' is not defined.
ERROR(117): Symbol 'HEIGHT' is not defined.
ERROR(118): Symbol 'XMax' is not defined.
ERROR(118): Symbol 'WIDTH' is not defined.
ERROR(119): Symbol 'YMax' is not defined.
ERROR(119): Symbol 'HEIGHT' is not defined.
ERROR(120): Symbol 'Mandelbrot' is not defined.
ERROR(126): Symbol 'HEIGHT' is not defined.
ERROR(127): Symbol 'WIDTH' is not defined.
ERROR(128): Symbol 'XStep' is not defined.
ERROR(128): Symbol 'WIDTH' is not defined.
ERROR(129): Symbol 'YStep' is not defined.
ERROR(129): Symbol 'HEIGHT' is not defined.
ERROR(130): Symbol 'XMax' is not defined.
ERROR(130): Symbol 'WIDTH' is not defined.
ERROR(131): Symbol 'YMax' is not defined.
ERROR(131): Symbol 'HEIGHT' is not defined.
ERROR(132): Symbol 'Julia' is not defined.
Number of warnings: 0
Number of errors: 22
------------------------------------

Memory Configuration: Data Addresses: 0-9999  Instruction Addresses: 0-9999
Loading file: fractal.tm
Halted
Bye.
