ERROR(6): Expecting type int in parameter 1 of call to 'output' defined on line -1 but got type bool.
ERROR(7): Expecting type int in parameter 1 of call to 'output' defined on line -1 but got type bool.
ERROR(10): Expecting type int in parameter 1 of call to 'output' defined on line -1 but got type bool.
ERROR(11): Expecting type int in parameter 1 of call to 'output' defined on line -1 but got type bool.
ERROR(12): Expecting type int in parameter 1 of call to 'output' defined on line -1 but got type bool.
ERROR(14): Expecting type int in parameter 1 of call to 'output' defined on line -1 but got type bool.
ERROR(15): Expecting type int in parameter 1 of call to 'output' defined on line -1 but got type bool.
ERROR(16): Expecting type int in parameter 1 of call to 'output' defined on line -1 but got type bool.
ERROR(17): Expecting type int in parameter 1 of call to 'output' defined on line -1 but got type bool.
ERROR(18): Expecting type int in parameter 1 of call to 'output' defined on line -1 but got type bool.
ERROR(19): Expecting type int in parameter 1 of call to 'output' defined on line -1 but got type bool.
Number of warnings: 0
Number of errors: 11
------------------------------------

Memory Configuration: Data Addresses: 0-9999  Instruction Addresses: 0-9999
Loading file: logic2.tm
1 0 0 0 1 1 1 0 222 222 222 Halted
Bye.
