ERROR(LINKER): Procedure main is not defined.
Number of warnings: 0
Number of errors: 1
------------------------------------

Memory Configuration: Data Addresses: 0-9999  Instruction Addresses: 0-9999
Loading file: main5.tm
Halted
Bye.
