ERROR(4): Expecting type int in parameter 1 of call to 'output' defined on line -1 but got type bool.
ERROR(5): Expecting type bool in parameter 1 of call to 'outputb' defined on line -1 but got type int.
Number of warnings: 0
Number of errors: 2
------------------------------------

Memory Configuration: Data Addresses: 0-9999  Instruction Addresses: 0-9999
Loading file: main3.tm
1 T 
Halted
Bye.
