Number of warnings: 0
Number of errors: 0
------------------------------------

Memory Configuration: Data Addresses: 0-9999  Instruction Addresses: 0-9999
Loading file: minesweeper.tm
entered: 331

F F F F F F F F F F 
F F F F F F F F F F 
F F F F F F F F F F 
F F F F F F F F F F 
F F F F F F F F F F 
F F F F F F F F F F 
F F F F F F F F F F 
F F F F F F F F F F 
F F F F F F F F F F 
F F F F F F F F F F 

entered: 2
entered: 2

F F F F F F F F F F 
F 2 F F F F F F F F 
F F F F F F F F F F 
F F F F F F F F F F 
F F F F F F F F F F 
F F F F F F F F F F 
F F F F F F F F F F 
F F F F F F F F F F 
F F F F F F F F F F 
F F F F F F F F F F 

entered: 3
entered: 3

F F F F F F F F F F 
F 2 F F F F F F F F 
F F 3 F F F F F F F 
F F F F F F F F F F 
F F F F F F F F F F 
F F F F F F F F F F 
F F F F F F F F F F 
F F F F F F F F F F 
F F F F F F F F F F 
F F F F F F F F F F 

entered: 4
entered: 4

F F F F F F F F F F 
F 2 F F F F F F F F 
F F 3 F F F F F F F 
F F F 1 F F F F F F 
F F F F F F F F F F 
F F F F F F F F F F 
F F F F F F F F F F 
F F F F F F F F F F 
F F F F F F F F F F 
F F F F F F F F F F 

entered: 5
entered: 5

F F F F F F F F F F 
F 2 F F F F F F F F 
F F 3 F F F F F F F 
F F F 1 F F F F F F 
F F F F 2 F F F F F 
F F F F F F F F F F 
F F F F F F F F F F 
F F F F F F F F F F 
F F F F F F F F F F 
F F F F F F F F F F 

entered: 6
entered: 6

F F F F F F F F F F 
F 2 F F F F F F F F 
F F 3 F F F F F F F 
F F F 1 F F F F F F 
F F F F 2 F F F F F 
F F F F F 2 F F F F 
F F F F F F F F F F 
F F F F F F F F F F 
F F F F F F F F F F 
F F F F F F F F F F 

entered: 7
entered: 7

F F F F F F F F F F 
F 2 F F F F F F F F 
F F 3 F F F F F F F 
F F F 1 F F F F F F 
F F F F 2 F F F F F 
F F F F F 2 F F F F 
F F F F F F 3 F F F 
F F F F F F F F F F 
F F F F F F F F F F 
F F F F F F F F F F 

entered: 8
entered: 8

F F F F F F F F F F 
F 2 F F F F F F F F 
F F 3 F F F F F F F 
F F F 1 F F F F F F 
F F F F 2 F F F F F 
F F F F F 2 F F F F 
F F F F F F 3 F F F 
F F F F F F F 2 F F 
F F F F F F F F F F 
F F F F F F F F F F 

entered: 9
entered: 9

F F F F F F F F F F 
F 2 F F F F F F F F 
F F 3 F F F F F F F 
F F F 1 F F F F F F 
F F F F 2 F F F F F 
F F F F F 2 F F F F 
F F F F F F 3 F F F 
F F F F F F F 2 F F 
F F F F F F F F 1 F 
F F F F F F F F F F 

entered: 10
entered: 10

F F F F F F F F F F 
F 2 F F F F F F F F 
F F 3 F F F F F F F 
F F F 1 F F F F F F 
F F F F 2 F F F F F 
F F F F F 2 F F F F 
F F F F F F 3 F F F 
F F F F F F F 2 F F 
F F F F F F F F 1 0 
F F F F F F F F F 0 

entered: 9
entered: 10

F F F F F F F F F F 
F 2 F F F F F F F F 
F F 3 F F F F F F F 
F F F 1 F F F F F F 
F F F F 2 F F F F F 
F F F F F 2 F F F F 
F F F F F F 3 F F F 
F F F F F F F 2 F F 
F F F F F F F F 1 0 
F F F F F F F F 1 0 

entered: 10
entered: 9

F F F F F F F F F F 
F 2 F F F F F F F F 
F F 3 F F F F F F F 
F F F 1 F F F F F F 
F F F F 2 F F F F F 
F F F F F 2 F F F F 
F F F F F F 3 F F F 
F F F F F F F 2 F F 
F F F F F F F F 1 0 
F F F F F F F F 1 0 

entered: 0
entered: 0
BYE
Halted
Bye.
