Number of warnings: 0
Number of errors: 0
------------------------------------

Memory Configuration: Data Addresses: 0-9999  Instruction Addresses: 0-9999
Loading file: mod.tm
1 2 3 4 5 
10 11 
1 
1 2 3 4 5 
10 11 
31 -31 31 -31 Halted
Bye.
