ERROR(7): Symbol 'b' is not defined.
ERROR(13): Symbol 'b' is not defined.
ERROR(19): Symbol 'b' is not defined.
ERROR(20): Symbol 'c' is not defined.
ERROR(24): Symbol 'b' is not defined.
ERROR(25): Symbol 'c' is not defined.
WARNING(4): Expecting to return type int but function 'ant' has no return statement.
ERROR(51): Symbol 'g' is already defined at line 3.
ERROR(70): Symbol 'c' is not defined.
ERROR(73): Symbol 'z' is not defined.
ERROR(76): Symbol 'b' is not defined.
ERROR(77): Symbol 'c' is not defined.
ERROR(79): Symbol 'y' is not defined.
ERROR(80): Symbol 'z' is not defined.
ERROR(LINKER): Procedure main is not defined.
Number of warnings: 1
Number of errors: 14
------------------------------------
