ERROR(23): Symbol 'x' is already defined at line 8.
ERROR(24): Symbol 'y' is already defined at line 9.
ERROR(26): '=' requires operands of the same type but lhs is type int and rhs is type bool.
ERROR(27): Unary 'not' requires an operand of type bool but was given type int.
ERROR(27): '=' requires operands of the same type but lhs is type int and rhs is type bool.
ERROR(28): Unary 'not' requires an operand of type bool but was given type int.
ERROR(29): Expecting type bool in parameter 1 of call to 'outputb' defined on line -1 but got type int.
ERROR(30): Unary 'not' requires an operand of type bool but was given type int.
ERROR(30): Unary 'not' requires an operand of type bool but was given type int.
ERROR(31): Unary 'not' requires an operand of type bool but was given type int.
ERROR(31): Unary 'not' requires an operand of type bool but was given type int.
ERROR(32): Unary 'not' requires an operand of type bool but was given type int.
ERROR(32): Unary 'not' requires an operand of type bool but was given type int.
ERROR(33): Unary 'not' requires an operand of type bool but was given type int.
Number of warnings: 0
Number of errors: 14
------------------------------------
