ERROR(35): Symbol 'dog' is not defined.
Number of warnings: 0
Number of errors: 1
------------------------------------
